docker : #0 building with "desktop-linux" instance using docker driver
At line:1 char:1
+ docker build -t stream-together --progress=plain . > build_error.log  ...
+ ~~~~~~~~~~~~~~~~~~~~~~~~~~~~~~~~~~~~~~~~~~~~~~~~~~~~~~~~~~~~~~~~~~~~~
    + CategoryInfo          : NotSpecified: (#0 building wit...g docker driver:String) [], RemoteException
    + FullyQualifiedErrorId : NativeCommandError
 

#1 [internal] load build definition from Dockerfile
#1 transferring dockerfile: 663B done
#1 DONE 0.0s

#2 [internal] load metadata for docker.io/library/node:20-alpine
#2 DONE 0.9s

#3 [internal] load .dockerignore
#3 transferring context: 2B done
#3 DONE 0.0s

#4 [frontend-builder 1/6] FROM 
docker.io/library/node:20-alpine@sha256:b88333c42c23fbd91596ebd7fd10de239cedab9617de04142dde7315e3bc0afa
#4 resolve docker.io/library/node:20-alpine@sha256:b88333c42c23fbd91596ebd7fd10de239cedab9617de04142dde7315e3bc0afa 
0.0s done
#4 DONE 0.0s

#5 [internal] load build context
#5 transferring context: 2.65kB done
#5 DONE 0.0s

#6 [frontend-builder 2/6] WORKDIR /app/frontend
#6 CACHED

#7 [frontend-builder 4/6] RUN npm install
#7 CACHED

#8 [frontend-builder 3/6] COPY frontend/package*.json ./
#8 CACHED

#9 [production 3/6] COPY server/package*.json ./
#9 CACHED

#10 [production 2/6] WORKDIR /app
#10 CACHED

#11 [production 4/6] RUN npm install --omit=dev
#11 CACHED

#12 [frontend-builder 5/6] COPY frontend/ ./
#12 CACHED

#13 [production 5/6] COPY server/ ./
#13 CACHED

#14 [frontend-builder 6/6] RUN npm run build
#14 0.298 
#14 0.298 > streamtogether-frontend@0.0.0 build
#14 0.298 > vite build
#14 0.298 
#14 0.450 vite v5.4.21 building for production...
#14 0.489 transforming...
#14 0.688 Γ£ô 3 modules transformed.
#14 0.692 x Build failed in 221ms
#14 0.692 error during build:
#14 0.692 [vite:build-import-analysis] [plugin vite:build-import-analysis] src/hooks/useAuth.js (55:27): Failed to 
parse source for import analysis because the content contains invalid JS syntax. If you are using JSX, make sure to 
name the file with the .jsx or .tsx extension.
#14 0.692 file: /app/frontend/src/hooks/useAuth.js:55:27
#14 0.692 
#14 0.692 53:     <AuthContext.Provider value={{ user, loading, login, signup, logout, resetPassword, loginWithGoogle 
}}>
#14 0.692 54:       {!loading && children}
#14 0.692 55:     </AuthContext.Provider>
#14 0.692                                ^
#14 0.692 56:   );
#14 0.692 57: };
#14 0.692 
#14 0.692     at getRollupError (file:///app/frontend/node_modules/rollup/dist/es/shared/parseAst.js:402:41)
#14 0.692     at error (file:///app/frontend/node_modules/rollup/dist/es/shared/parseAst.js:398:42)
#14 0.692     at Object.error (file:///app/frontend/node_modules/rollup/dist/es/shared/node-entry.js:22249:20)
#14 0.692     at Object.error (file:///app/frontend/node_modules/rollup/dist/es/shared/node-entry.js:21298:42)
#14 0.692     at Object.transform (file:///app/frontend/node_modules/vite/dist/node/chunks/dep-BK3b2jBa.js:64913:14)
#14 ERROR: process "/bin/sh -c npm run build" did not complete successfully: exit code: 1
------
 > [frontend-builder 6/6] RUN npm run build:
0.692 55:     </AuthContext.Provider>
0.692                                ^
0.692 56:   );
0.692 57: };
0.692 
0.692     at getRollupError (file:///app/frontend/node_modules/rollup/dist/es/shared/parseAst.js:402:41)
0.692     at error (file:///app/frontend/node_modules/rollup/dist/es/shared/parseAst.js:398:42)
0.692     at Object.error (file:///app/frontend/node_modules/rollup/dist/es/shared/node-entry.js:22249:20)
0.692     at Object.error (file:///app/frontend/node_modules/rollup/dist/es/shared/node-entry.js:21298:42)
0.692     at Object.transform (file:///app/frontend/node_modules/vite/dist/node/chunks/dep-BK3b2jBa.js:64913:14)
------

 [33m3 warnings found (use docker --debug to expand):
[0m - SecretsUsedInArgOrEnv: Do not use ARG or ENV instructions for sensitive data (ARG "VITE_FIREBASE_API_KEY") 
(line 6)
 - SecretsUsedInArgOrEnv: Do not use ARG or ENV instructions for sensitive data (ARG "VITE_FIREBASE_AUTH_DOMAIN") 
(line 7)
 - SecretsUsedInArgOrEnv: Do not use ARG or ENV instructions for sensitive data (ARG "VITE_TMDB_API_KEY") (line 14)
Dockerfile:15
--------------------
  13 |     ARG VITE_CONSUMET_API_URL
  14 |     ARG VITE_TMDB_API_KEY
  15 | >>> RUN npm run build
  16 |     
  17 |     FROM node:20-alpine AS production
--------------------
ERROR: failed to build: failed to solve: process "/bin/sh -c npm run build" did not complete successfully: exit code: 1

View build details: docker-desktop://dashboard/build/desktop-linux/desktop-linux/v8l0kaykvnwbt541p9zph7wri
